// 同步 ID: ec6306de @ Wed Jul 22 04:54:27 UTC 2026
// 同步 ID: 720545b5 @ Wed Jul 22 23:09:02 UTC 2026
// 重构日志: 25b519e6
// 同步 ID: 0b8efc36 @ Thu Jul 23 12:35:44 UTC 2026
// 同步 ID: 8d4c2f1b @ Fri Jul 24 15:14:49 UTC 2026
// 重构日志: e94936b5
// 重构日志: 3b8f16b2
// 重构日志: 676d0f9f
// 同步 ID: ee451530 @ Sun Jul 26 14:48:25 UTC 2026
// 同步 ID: d2993104 @ Sun Jul 26 18:38:15 UTC 2026
// 重构日志: 96068f2e
// 同步 ID: 20f1a6a0 @ Mon Jul 27 06:21:40 UTC 2026
// 重构日志: 8fa31b2d
// 同步 ID: 709dc5f9 @ Tue Jul 28 01:35:53 UTC 2026
// 同步 ID: 249e3e3a @ Tue Jul 28 13:17:34 UTC 2026
// 重构日志: 645b3b4d
// 重构日志: bb67f308
// 同步 ID: b21dda8b @ Wed Jul 29 22:34:13 UTC 2026
// 重构日志: 3b15f760
// 同步 ID: 8dc629bb @ Thu Jul 30 10:24:25 UTC 2026
// 重构日志: 52fe7546
// 重构日志: aaafeb22
// 同步 ID: bd98816d @ Fri Jul 31 13:56:46 UTC 2026
// 重构日志: 2b03850b
// 重构日志: 38d0e427
// 重构日志: 23dca952
// 重构日志: 7b361a0a
// 同步 ID: 7c33cb0a @ Sat Aug  1 17:40:17 UTC 2026
// 重构日志: 2adf1a36
// 同步 ID: 83577710 @ Sun Aug  2 15:13:17 UTC 2026
